 Hellodriver

 Timestamp is 65e8b92a (Wed Mar 06 19:42:50 2024)

 Preferred load address is 0000000000010000

 Start         Length     Name                   Class
 0001:00000000 00000f5bH .text                   CODE
 0001:00000f60 00000356H .text$s                 CODE
 0002:00000000 000000c8H .idata$5                DATA
 0002:000000d0 00000068H .rdata                  DATA
 0002:00000138 0000009aH .rdata$debug            DATA
 0002:000001d8 000000b0H .xdata                  DATA
 0003:00000000 00000118H .data                   DATA
 0003:00000120 000003e8H .bss                    DATA
 0004:00000000 000000c0H .pdata                  DATA
 0005:00000000 00000266H PAGE                    CODE
 0005:00000266 00000027H PAGE$x                  CODE
 0006:00000000 00000082H INIT                    CODE
 0006:00000084 00000028H .idata$2                CODE
 0006:000000ac 00000014H .idata$3                CODE
 0006:000000c0 000000c8H .idata$4                CODE
 0006:00000188 000001e2H .idata$6                CODE

  Address         Publics by Value              Rva+Base               Lib:Object

 0000:00000000       ___safe_se_handler_count   0000000000000000     <absolute>
 0000:00000000       ___safe_se_handler_table   0000000000000000     <absolute>
 0001:00000010       KeGetCurrentThread         0000000000011010 f i hellodriver.obj
 0001:00000020       KeGetCurrentIrql           0000000000011020 f i hellodriver.obj
 0001:00000030       KeGetThreadLocks           0000000000011030 f   hellodriver.obj
 0001:00000240       MyWorkItemRoutine          0000000000011240 f   hellodriver.obj
 0001:00000470       GetEventListEntry          0000000000011470 f   hellodriver.obj
 0001:000004c0       FindAllModules             00000000000114c0 f   hellodriver.obj
 0001:00000580       TimerDPCBlocking           0000000000011580 f   hellodriver.obj
 0001:000005c0       TimerDPC                   00000000000115c0 f   hellodriver.obj
 0001:00000740       Unload                     0000000000011740 f   hellodriver.obj
 0001:00000830       Stop                       0000000000011830 f   hellodriver.obj
 0001:00000840       DriverEntry                0000000000011840 f   hellodriver.obj
 0001:00000ab0       __security_check_cookie    0000000000011ab0 f   BufferOverflowK:amdsecgs.obj
 0001:00000ad8       __report_gsfailure         0000000000011ad8 f   BufferOverflowK:gs_report.obj
 0001:00000b08       __GSHandlerCheck_SEH       0000000000011b08 f   ntoskrnl:gshandlerseh.obj
 0001:00000bb0       memcpy                     0000000000011bb0 f   ntoskrnl:memcpy.obj
 0001:00000bb0       memmove                    0000000000011bb0     ntoskrnl:memcpy.obj
 0001:00000eea       __C_specific_handler       0000000000011eea f   ntoskrnl:ntoskrnl.exe
 0001:00000ef8       __GSHandlerCheckCommon     0000000000011ef8 f   ntoskrnl:gshandler.obj
 0001:00000f60       ??_C@_0BB@OGGMJPAN@KeGetThreadLocks?$AA@FNODOBFM@ 0000000000011f60     hellodriver.obj
 0001:00000f80       ??_C@_03OFAPEBGM@?$CFs?6?$AA@FNODOBFM@ 0000000000011f80     hellodriver.obj
 0001:00000f90       ??_C@_0BC@LNNGCEHL@WaitBlockList?5?$CFp?6?$AA@FNODOBFM@ 0000000000011f90     hellodriver.obj
 0001:00000fb0       ??_C@_0BE@KMJLNLH@assumption?5is?5wrong?$AA@FNODOBFM@ 0000000000011fb0     hellodriver.obj
 0001:00000fd0       ??_C@_0DK@BMBMKBOE@c?3?2users?2admin_lop?2source?2repos?2@FNODOBFM@ 0000000000011fd0     hellodriver.obj
 0001:00001010       ??_C@_0BO@CMHEGJMI@?$CCassumption?5is?5wrong?$CC?5?$DN?$DN?5NULL?$AA@FNODOBFM@ 0000000000012010     hellodriver.obj
 0001:00001030       ??_C@_09FIGELLMJ@Found?5?$CFp?6?$AA@FNODOBFM@ 0000000000012030     hellodriver.obj
 0001:00001040       ??_C@_0BD@CPOLCLNM@i?5?$DM?5MAX_EVENTS?5?$CL?51?$AA@FNODOBFM@ 0000000000012040     hellodriver.obj
 0001:00001060       ??_C@_0BC@ENJDLHLB@MyWorkItemRoutine?$AA@FNODOBFM@ 0000000000012060     hellodriver.obj
 0001:00001080       ??_C@_0BB@NJAHKFOM@Hellodriver?3?5?$CFs?6?$AA@FNODOBFM@ 0000000000012080     hellodriver.obj
 0001:000010a0       ??_C@_0BH@BIALBDNB@KeGetCurrentThread?5?$CFp?6?$AA@FNODOBFM@ 00000000000120a0     hellodriver.obj
 0001:000010c0       ??_C@_0BP@LIBALFFI@calling?5KeWaitForSingleObject?6?$AA@FNODOBFM@ 00000000000120c0     hellodriver.obj
 0001:000010e0       ??_C@_0BF@KNBANCBF@Searching?5for?5?$CFp?5?$CFp?6?$AA@FNODOBFM@ 00000000000120e0     hellodriver.obj
 0001:00001100       ??_C@_0CA@GAONLBGD@WaitRegister?4State?5?$CFu?5?$CFd?9?9?9?9?9?9?6?$AA@FNODOBFM@ 0000000000012100     hellodriver.obj
 0001:00001120       ??_C@_0BK@IGMMLNHP@KeWaitForSingleObject?5?$CFd?6?$AA@FNODOBFM@ 0000000000012120     hellodriver.obj
 0001:00001140       ??_C@_08PBNAIBKE@ntoskrnl?$AA@FNODOBFM@ 0000000000012140     hellodriver.obj
 0001:00001150       ??_C@_0BB@PNACJOCD@TimerDPCBlocking?$AA@FNODOBFM@ 0000000000012150     hellodriver.obj
 0001:00001170       ??_C@_08GLDILNME@TimerDPC?$AA@FNODOBFM@ 0000000000012170     hellodriver.obj
 0001:00001180       ??_C@_0BL@OKEFEPNA@ntStatus?5?$CFu?5uNumEvents?5?$CFu?6?$AA@FNODOBFM@ 0000000000012180     hellodriver.obj
 0001:000011a0       ??_C@_0L@LIJAMLDI@?$FL?$CF02d?$FN?5?$CFp?6?$AA@FNODOBFM@ 00000000000121a0     hellodriver.obj
 0001:000011b0       ??_C@_0BE@CHMIGDPB@KeCancelTimer?$CI?$CJ?5?$CFd?6?$AA@FNODOBFM@ 00000000000121b0     hellodriver.obj
 0001:000011d0       ??_C@_04PNOAOIAG@wait?$AA@FNODOBFM@ 00000000000121d0     hellodriver.obj
 0001:000011e0       ??_C@_0BA@BJFGNECA@driver?5unload?$AN?6?$AA@FNODOBFM@ 00000000000121e0     hellodriver.obj
 0001:000011f0       ??_C@_0M@EJJHDHDG@Mar?5?56?52024?$AA@FNODOBFM@ 00000000000121f0     hellodriver.obj
 0001:00001200       ??_C@_08JAFHCKJK@19?342?350?$AA@FNODOBFM@ 0000000000012200     hellodriver.obj
 0001:00001210       ??_C@_0M@GIPELPKM@DriverEntry?$AA@FNODOBFM@ 0000000000012210     hellodriver.obj
 0001:00001220       ??_C@_09GPBPOFIE@?$CFs?5?$CFs?5?$CFs?6?$AA@FNODOBFM@ 0000000000012220     hellodriver.obj
 0001:00001230       ??_C@_0BO@NAFLKIAG@NtosKrnlImageBase?5?$CFp?6Irql?5?$CFu?6?$AA@FNODOBFM@ 0000000000012230     hellodriver.obj
 0001:00001250       ??_C@_0BK@MEGFJILN@KeReadStateMutex?$CI?$CJ?5is?5?$CFd?6?$AA@FNODOBFM@ 0000000000012250     hellodriver.obj
 0001:00001270       ??_C@_0BJ@JCCIKJBA@Hellodriver?3?5?$CFs?5fRet?5?$CFd?6?$AA@FNODOBFM@ 0000000000012270     hellodriver.obj
 0001:00001290       ??_C@_0CG@KFPOGMKI@Hello?5driver?5second?5output?5?$CFs?5?$CFs@FNODOBFM@ 0000000000012290     hellodriver.obj
 0002:00000000       __imp_KeQueryPerformanceCounter 0000000000013000     hal:HAL.dll
 0002:00000008       \177HAL_NULL_THUNK_DATA    0000000000013008     hal:HAL.dll
 0002:00000010       __imp_ExFreePoolWithTag    0000000000013010     ntoskrnl:ntoskrnl.exe
 0002:00000018       __imp_strstr               0000000000013018     ntoskrnl:ntoskrnl.exe
 0002:00000020       __imp_KeInitializeEvent    0000000000013020     ntoskrnl:ntoskrnl.exe
 0002:00000028       __imp_KeInitializeDpc      0000000000013028     ntoskrnl:ntoskrnl.exe
 0002:00000030       __imp_KeInitializeTimer    0000000000013030     ntoskrnl:ntoskrnl.exe
 0002:00000038       __imp_KeSetTimerEx         0000000000013038     ntoskrnl:ntoskrnl.exe
 0002:00000040       __imp_KeDelayExecutionThread 0000000000013040     ntoskrnl:ntoskrnl.exe
 0002:00000048       __imp_ExAllocatePoolWithTag 0000000000013048     ntoskrnl:ntoskrnl.exe
 0002:00000050       __imp_KeReadStateMutex     0000000000013050     ntoskrnl:ntoskrnl.exe
 0002:00000058       __imp_KeWaitForSingleObject 0000000000013058     ntoskrnl:ntoskrnl.exe
 0002:00000060       __imp_KeSetTimer           0000000000013060     ntoskrnl:ntoskrnl.exe
 0002:00000068       __imp_RtlAssert            0000000000013068     ntoskrnl:ntoskrnl.exe
 0002:00000070       __imp_KeCancelTimer        0000000000013070     ntoskrnl:ntoskrnl.exe
 0002:00000078       __imp_DbgPrintEx           0000000000013078     ntoskrnl:ntoskrnl.exe
 0002:00000080       __imp_KeBugCheckEx         0000000000013080     ntoskrnl:ntoskrnl.exe
 0002:00000088       __imp_ExAllocatePool       0000000000013088     ntoskrnl:ntoskrnl.exe
 0002:00000090       __imp_ExQueueWorkItem      0000000000013090     ntoskrnl:ntoskrnl.exe
 0002:00000098       __imp_MmGetSystemRoutineAddress 0000000000013098     ntoskrnl:ntoskrnl.exe
 0002:000000a0       __imp_PsGetVersion         00000000000130a0     ntoskrnl:ntoskrnl.exe
 0002:000000a8       __imp_ExAllocatePoolWithQuotaTag 00000000000130a8     ntoskrnl:ntoskrnl.exe
 0002:000000b0       __imp_ZwQuerySystemInformation 00000000000130b0     ntoskrnl:ntoskrnl.exe
 0002:000000b8       __imp___C_specific_handler 00000000000130b8     ntoskrnl:ntoskrnl.exe
 0002:000000c0       \177ntoskrnl_NULL_THUNK_DATA 00000000000130c0     ntoskrnl:ntoskrnl.exe
 0002:000000f0       ??_C@_1DE@HMCCLJNL@?$AAR?$AAt?$AAl?$AAQ?$AAu?$AAe?$AAr?$AAy?$AAM?$AAo?$AAd?$AAu?$AAl?$AAe?$AAI?$AAn?$AAf?$AAo?$AAr?$AAm?$AAa?$AAt?$AAi?$AAo?$AAn?$AA?$AA@ 00000000000130f0     aux_klib:aux_klib.obj
 0003:00000000       HotPatchBuffer             0000000000014000     hotpatch.obj
 0003:00000100       __security_cookie          0000000000014100     BufferOverflowK:gs_support.obj
 0003:00000108       __security_cookie_complement 0000000000014108     BufferOverflowK:gs_support.obj
 0003:00000110       bytes                      0000000000014110     hellodriver.obj
 0003:00000238       NtosKrnlImageBase          0000000000014238     hellodriver.obj
 0003:00000240       m_TimerEvent               0000000000014240     hellodriver.obj
 0003:00000280       m_TimerEventBlocking       0000000000014280     hellodriver.obj
 0003:000002c0       pMutex                     00000000000142c0     hellodriver.obj
 0003:000002c8       isWaiting                  00000000000142c8     hellodriver.obj
 0003:000002c9       isUnloading                00000000000142c9     hellodriver.obj
 0003:000002d0       pWaitBlock                 00000000000142d0     hellodriver.obj
 0003:000002e0       m_DpcBlocking              00000000000142e0     <common>
 0003:00000320       aMillisecIn100ns           0000000000014320     <common>
 0003:00000340       event                      0000000000014340     <common>
 0003:00000358       fRet                       0000000000014358     <common>
 0003:00000360       StartingTime               0000000000014360     <common>
 0003:00000368       pMods                      0000000000014368     <common>
 0003:00000370       workItem                   0000000000014370     <common>
 0003:00000378       nRet                       0000000000014378     <common>
 0003:00000380       pKThread                   0000000000014380     <common>
 0003:000003a0       m_Dpc                      00000000000143a0     <common>
 0003:000003e0       Frequency                  00000000000143e0     <common>
 0003:00000400       EventArray                 0000000000014400     <common>
 0005:00000008       AuxKlibInitialize          0000000000016008 f   aux_klib:aux_klib.obj
 0005:00000068       AuxKlibQueryModuleInformation 0000000000016068 f   aux_klib:aux_klib.obj
 0006:00000008       __security_init_cookie     0000000000017008 f   BufferOverflowK:gs_support.obj
 0006:00000064       GsDriverEntry              0000000000017064 f   BufferOverflowK:gs_support.obj
 0006:00000084       __IMPORT_DESCRIPTOR_ntoskrnl 0000000000017084     ntoskrnl:ntoskrnl.exe
 0006:00000098       __IMPORT_DESCRIPTOR_HAL    0000000000017098     hal:HAL.dll
 0006:000000ac       __NULL_IMPORT_DESCRIPTOR   00000000000170ac     ntoskrnl:ntoskrnl.exe

 entry point at        0006:00000064

 Static symbols

 0005:0000026c       AuxKlibQueryModuleInformation$filt$0 000000000001626c f   aux_klib:aux_klib.obj
