 KeGetThreadLocks

 Timestamp is 65fd8fe7 (Fri Mar 22 15:04:23 2024)

 Preferred load address is 0000000000010000

 Start         Length     Name                   Class
 0001:00000000 0000088fH .text                   CODE
 0001:00000890 000001ecH .text$s                 CODE
 0002:00000000 00000088H .idata$5                DATA
 0002:00000090 0000001cH .rdata                  DATA
 0002:000000ac 0000009fH .rdata$debug            DATA
 0002:0000014c 00000048H .xdata                  DATA
 0003:00000000 00000114H .data                   DATA
 0003:00000120 000005f8H .bss                    DATA
 0004:00000000 00000060H .pdata                  DATA
 0005:00000000 00000082H INIT                    CODE
 0005:00000084 00000014H .idata$2                CODE
 0005:00000098 00000014H .idata$3                CODE
 0005:000000b0 00000088H .idata$4                CODE
 0005:00000138 00000148H .idata$6                CODE

  Address         Publics by Value              Rva+Base               Lib:Object

 0000:00000000       ___safe_se_handler_table   0000000000000000     <absolute>
 0000:00000000       ___safe_se_handler_count   0000000000000000     <absolute>
 0001:00000010       KeGetCurrentThread         0000000000011010 f i test-kegetthreadlocks.obj
 0001:00000510       DriverEntry                0000000000011510 f   test-kegetthreadlocks.obj
 0001:000006c0       KeGetThreadLocks           00000000000116c0 f   kegetthreadlocks.obj
 0001:00000840       __security_check_cookie    0000000000011840 f   BufferOverflowK:amdsecgs.obj
 0001:00000868       __report_gsfailure         0000000000011868 f   BufferOverflowK:gs_report.obj
 0001:00000890       ??_C@_0BK@JMNICMPE@MyWorkItemCheckingRoutine?$AA@FNODOBFM@ 0000000000011890     test-kegetthreadlocks.obj
 0001:000008b0       ??_C@_03OFAPEBGM@?$CFs?6?$AA@FNODOBFM@ 00000000000118b0     test-kegetthreadlocks.obj
 0001:000008c0       ??_C@_0BL@OKEFEPNA@ntStatus?5?$CFu?5uNumEvents?5?$CFu?6?$AA@FNODOBFM@ 00000000000118c0     test-kegetthreadlocks.obj
 0001:000008e0       ??_C@_0L@LIJAMLDI@?$FL?$CF02d?$FN?5?$CFp?6?$AA@FNODOBFM@ 00000000000118e0     test-kegetthreadlocks.obj
 0001:000008f0       ??_C@_0BN@EIDFOBJD@Check?5OK?5?$CFd?5Check?5NOT?5OK?5?$CFd?6?$AA@FNODOBFM@ 00000000000118f0     test-kegetthreadlocks.obj
 0001:00000910       ??_C@_0BA@HAPJGNOF@BlockingRoutine?$AA@FNODOBFM@ 0000000000011910     test-kegetthreadlocks.obj
 0001:00000920       ??_C@_0BH@BIALBDNB@KeGetCurrentThread?5?$CFp?6?$AA@FNODOBFM@ 0000000000011920     test-kegetthreadlocks.obj
 0001:00000940       ??_C@_0CB@IAHGDPCC@calling?5KeWaitForMultipleObject?6@FNODOBFM@ 0000000000011940     test-kegetthreadlocks.obj
 0001:00000970       ??_C@_0BF@KNBANCBF@Searching?5for?5?$CFp?5?$CFp?6?$AA@FNODOBFM@ 0000000000011970     test-kegetthreadlocks.obj
 0001:00000990       ??_C@_0BN@GNLMIGDL@KeWaitForMultipleObjects?5?$CFd?6?$AA@FNODOBFM@ 0000000000011990     test-kegetthreadlocks.obj
 0001:000009b0       ??_C@_08GLDILNME@TimerDPC?$AA@FNODOBFM@ 00000000000119b0     test-kegetthreadlocks.obj
 0001:000009c0       ??_C@_0P@JLODBFI@KeSetTimer?5?$CFd?6?$AA@FNODOBFM@ 00000000000119c0     test-kegetthreadlocks.obj
 0001:000009d0       ??_C@_0BE@CHMIGDPB@KeCancelTimer?$CI?$CJ?5?$CFd?6?$AA@FNODOBFM@ 00000000000119d0     test-kegetthreadlocks.obj
 0001:000009f0       ??_C@_0BA@BJFGNECA@driver?5unload?$AN?6?$AA@FNODOBFM@ 00000000000119f0     test-kegetthreadlocks.obj
 0001:00000a00       ??_C@_0M@IDEGCFHD@Mar?522?52024?$AA@FNODOBFM@ 0000000000011a00     test-kegetthreadlocks.obj
 0001:00000a10       ??_C@_08OEFAPMGE@15?304?322?$AA@FNODOBFM@ 0000000000011a10     test-kegetthreadlocks.obj
 0001:00000a20       ??_C@_0M@GIPELPKM@DriverEntry?$AA@FNODOBFM@ 0000000000011a20     test-kegetthreadlocks.obj
 0001:00000a30       ??_C@_09GPBPOFIE@?$CFs?5?$CFs?5?$CFs?6?$AA@FNODOBFM@ 0000000000011a30     test-kegetthreadlocks.obj
 0001:00000a40       ??_C@_0BH@OIOOMPMO@KeSetTimer?5?$CFs?5fRet?5?$CFd?6?$AA@FNODOBFM@ 0000000000011a40     test-kegetthreadlocks.obj
 0001:00000a60       ??_C@_0BM@OFCNHINB@?$CFs?5PsCreateSystemThread?5?$CFd?6?$AA@FNODOBFM@ 0000000000011a60     test-kegetthreadlocks.obj
 0002:00000000       __imp_ExQueueWorkItem      0000000000012000     ntoskrnl:ntoskrnl.exe
 0002:00000008       __imp_ExAllocatePoolWithTag 0000000000012008     ntoskrnl:ntoskrnl.exe
 0002:00000010       __imp_ExFreePoolWithTag    0000000000012010     ntoskrnl:ntoskrnl.exe
 0002:00000018       __imp_KeResetEvent         0000000000012018     ntoskrnl:ntoskrnl.exe
 0002:00000020       __imp_KeSetEvent           0000000000012020     ntoskrnl:ntoskrnl.exe
 0002:00000028       __imp_KeInitializeEvent    0000000000012028     ntoskrnl:ntoskrnl.exe
 0002:00000030       __imp_KeInitializeDpc      0000000000012030     ntoskrnl:ntoskrnl.exe
 0002:00000038       __imp_KeInitializeTimer    0000000000012038     ntoskrnl:ntoskrnl.exe
 0002:00000040       __imp_KeDelayExecutionThread 0000000000012040     ntoskrnl:ntoskrnl.exe
 0002:00000048       __imp_PsCreateSystemThread 0000000000012048     ntoskrnl:ntoskrnl.exe
 0002:00000050       __imp_PsTerminateSystemThread 0000000000012050     ntoskrnl:ntoskrnl.exe
 0002:00000058       __imp_KeSetTimer           0000000000012058     ntoskrnl:ntoskrnl.exe
 0002:00000060       __imp_KeCancelTimer        0000000000012060     ntoskrnl:ntoskrnl.exe
 0002:00000068       __imp_KeWaitForMultipleObjects 0000000000012068     ntoskrnl:ntoskrnl.exe
 0002:00000070       __imp_DbgPrintEx           0000000000012070     ntoskrnl:ntoskrnl.exe
 0002:00000078       __imp_KeBugCheckEx         0000000000012078     ntoskrnl:ntoskrnl.exe
 0002:00000080       \177ntoskrnl_NULL_THUNK_DATA 0000000000012080     ntoskrnl:ntoskrnl.exe
 0003:00000000       HotPatchBuffer             0000000000013000     hotpatch.obj
 0003:00000100       __security_cookie          0000000000013100     BufferOverflowK:gs_support.obj
 0003:00000108       __security_cookie_complement 0000000000013108     BufferOverflowK:gs_support.obj
 0005:00000008       __security_init_cookie     0000000000015008 f   BufferOverflowK:gs_support.obj
 0005:00000064       GsDriverEntry              0000000000015064 f   BufferOverflowK:gs_support.obj
 0005:00000084       __IMPORT_DESCRIPTOR_ntoskrnl 0000000000015084     ntoskrnl:ntoskrnl.exe
 0005:00000098       __NULL_IMPORT_DESCRIPTOR   0000000000015098     ntoskrnl:ntoskrnl.exe

 entry point at        0005:00000064

 Static symbols

 0001:00000020       MyWorkItemCheckingRoutine  0000000000011020 f    CIL library: CIL module
 0001:000001f0       BlockingRoutine            00000000000111f0 f    CIL library: CIL module
 0001:00000390       TimerDPC                   0000000000011390 f    CIL library: CIL module
 0001:00000440       Unload                     0000000000011440 f    CIL library: CIL module
