 KeGetThreadLocks

 Timestamp is 65f85be3 (Mon Mar 18 16:21:07 2024)

 Preferred load address is 0000000000010000

 Start         Length     Name                   Class
 0001:00000000 0000092fH .text                   CODE
 0001:00000930 0000033cH .text$s                 CODE
 0002:00000000 00000090H .idata$5                DATA
 0002:00000090 0000001cH .rdata                  DATA
 0002:000000ac 0000009fH .rdata$debug            DATA
 0002:0000014c 0000004cH .xdata                  DATA
 0003:00000000 00000114H .data                   DATA
 0003:00000120 000005e8H .bss                    DATA
 0004:00000000 00000060H .pdata                  DATA
 0005:00000000 00000082H INIT                    CODE
 0005:00000084 00000014H .idata$2                CODE
 0005:00000098 00000014H .idata$3                CODE
 0005:000000b0 00000090H .idata$4                CODE
 0005:00000140 00000150H .idata$6                CODE

  Address         Publics by Value              Rva+Base               Lib:Object

 0000:00000000       ___safe_se_handler_table   0000000000000000     <absolute>
 0000:00000000       ___safe_se_handler_count   0000000000000000     <absolute>
 0001:00000010       KeGetCurrentThread         0000000000011010 f i test-kegetthreadlocks.obj
 0001:00000020       MyWorkItemCheckingRoutine  0000000000011020 f   test-kegetthreadlocks.obj
 0001:00000230       BlockingRoutine            0000000000011230 f   test-kegetthreadlocks.obj
 0001:00000360       TimerDPC                   0000000000011360 f   test-kegetthreadlocks.obj
 0001:00000410       Unload                     0000000000011410 f   test-kegetthreadlocks.obj
 0001:000004f0       DriverEntry                00000000000114f0 f   test-kegetthreadlocks.obj
 0001:000006d0       KeGetThreadLocks           00000000000116d0 f   kegetthreadlocks.obj
 0001:000008e0       __security_check_cookie    00000000000118e0 f   BufferOverflowK:amdsecgs.obj
 0001:00000908       __report_gsfailure         0000000000011908 f   BufferOverflowK:gs_report.obj
 0001:00000930       ??_C@_0BK@JMNICMPE@MyWorkItemCheckingRoutine?$AA@FNODOBFM@ 0000000000011930     test-kegetthreadlocks.obj
 0001:00000950       ??_C@_0BG@EOLJAGP@Hellodriver?3?5?$CFs?5?$FL?$CFu?$FN?6?$AA@FNODOBFM@ 0000000000011950     test-kegetthreadlocks.obj
 0001:00000970       ??_C@_0BL@OKEFEPNA@ntStatus?5?$CFu?5uNumEvents?5?$CFu?6?$AA@FNODOBFM@ 0000000000011970     test-kegetthreadlocks.obj
 0001:00000990       ??_C@_0L@LIJAMLDI@?$FL?$CF02d?$FN?5?$CFp?6?$AA@FNODOBFM@ 0000000000011990     test-kegetthreadlocks.obj
 0001:000009a0       ??_C@_0EE@GKFOJCCL@c?3?2users?2admin_lop?2source?2repos?2@FNODOBFM@ 00000000000119a0     test-kegetthreadlocks.obj
 0001:000009f0       ??_C@_06NOPBDBJI@i?5?$DN?$DN?51?$AA@FNODOBFM@ 00000000000119f0     test-kegetthreadlocks.obj
 0001:00000a00       ??_C@_0BN@EIDFOBJD@Check?5OK?5?$CFd?5Check?5NOT?5OK?5?$CFd?6?$AA@FNODOBFM@ 0000000000011a00     test-kegetthreadlocks.obj
 0001:00000a20       ??_C@_0BA@HAPJGNOF@BlockingRoutine?$AA@FNODOBFM@ 0000000000011a20     test-kegetthreadlocks.obj
 0001:00000a30       ??_C@_0BH@BIALBDNB@KeGetCurrentThread?5?$CFp?6?$AA@FNODOBFM@ 0000000000011a30     test-kegetthreadlocks.obj
 0001:00000a50       ??_C@_0BP@LIBALFFI@calling?5KeWaitForSingleObject?6?$AA@FNODOBFM@ 0000000000011a50     test-kegetthreadlocks.obj
 0001:00000a70       ??_C@_0BF@KNBANCBF@Searching?5for?5?$CFp?5?$CFp?6?$AA@FNODOBFM@ 0000000000011a70     test-kegetthreadlocks.obj
 0001:00000a90       ??_C@_0BK@IGMMLNHP@KeWaitForSingleObject?5?$CFd?6?$AA@FNODOBFM@ 0000000000011a90     test-kegetthreadlocks.obj
 0001:00000ab0       ??_C@_08GLDILNME@TimerDPC?$AA@FNODOBFM@ 0000000000011ab0     test-kegetthreadlocks.obj
 0001:00000ac0       ??_C@_0BB@NJAHKFOM@Hellodriver?3?5?$CFs?6?$AA@FNODOBFM@ 0000000000011ac0     test-kegetthreadlocks.obj
 0001:00000ae0       ??_C@_0P@JLODBFI@KeSetTimer?5?$CFd?6?$AA@FNODOBFM@ 0000000000011ae0     test-kegetthreadlocks.obj
 0001:00000af0       ??_C@_0BE@CHMIGDPB@KeCancelTimer?$CI?$CJ?5?$CFd?6?$AA@FNODOBFM@ 0000000000011af0     test-kegetthreadlocks.obj
 0001:00000b10       ??_C@_0BA@BJFGNECA@driver?5unload?$AN?6?$AA@FNODOBFM@ 0000000000011b10     test-kegetthreadlocks.obj
 0001:00000b20       ??_C@_0M@KJLJHNNO@Mar?518?52024?$AA@FNODOBFM@ 0000000000011b20     test-kegetthreadlocks.obj
 0001:00000b30       ??_C@_08JBAEPFNH@16?321?307?$AA@FNODOBFM@ 0000000000011b30     test-kegetthreadlocks.obj
 0001:00000b40       ??_C@_0M@GIPELPKM@DriverEntry?$AA@FNODOBFM@ 0000000000011b40     test-kegetthreadlocks.obj
 0001:00000b50       ??_C@_09GPBPOFIE@?$CFs?5?$CFs?5?$CFs?6?$AA@FNODOBFM@ 0000000000011b50     test-kegetthreadlocks.obj
 0001:00000b60       ??_C@_0BJ@JCCIKJBA@Hellodriver?3?5?$CFs?5fRet?5?$CFd?6?$AA@FNODOBFM@ 0000000000011b60     test-kegetthreadlocks.obj
 0001:00000b80       ??_C@_0BJ@IOJMNCDB@second?5output?5?$CFs?5?$CFs?5?$CFx?$AN?6?$AA@FNODOBFM@ 0000000000011b80     test-kegetthreadlocks.obj
 0001:00000ba0       ??_C@_0BM@OFCNHINB@?$CFs?5PsCreateSystemThread?5?$CFd?6?$AA@FNODOBFM@ 0000000000011ba0     test-kegetthreadlocks.obj
 0001:00000bc0       ??_C@_0BB@OGGMJPAN@KeGetThreadLocks?$AA@FNODOBFM@ 0000000000011bc0     kegetthreadlocks.obj
 0001:00000be0       ??_C@_03OFAPEBGM@?$CFs?6?$AA@FNODOBFM@ 0000000000011be0     kegetthreadlocks.obj
 0001:00000bf0       ??_C@_0BN@JDGKLFMB@pKThread_priv?9?$DORunning?5?$CF02x?6?$AA@FNODOBFM@ 0000000000011bf0     kegetthreadlocks.obj
 0001:00000c10       ??_C@_0DP@DHKPPJHD@c?3?2users?2admin_lop?2source?2repos?2@FNODOBFM@ 0000000000011c10     kegetthreadlocks.obj
 0001:00000c50       ??_C@_0BM@PFODKFOA@nLoopCount?5?$DM?5MAX_EVENTS?5?$CL?51?$AA@FNODOBFM@ 0000000000011c50     kegetthreadlocks.obj
 0002:00000000       __imp_ExQueueWorkItem      0000000000012000     ntoskrnl:ntoskrnl.exe
 0002:00000008       __imp_ExAllocatePoolWithTag 0000000000012008     ntoskrnl:ntoskrnl.exe
 0002:00000010       __imp_ExFreePoolWithTag    0000000000012010     ntoskrnl:ntoskrnl.exe
 0002:00000018       __imp_KeResetEvent         0000000000012018     ntoskrnl:ntoskrnl.exe
 0002:00000020       __imp_KeSetEvent           0000000000012020     ntoskrnl:ntoskrnl.exe
 0002:00000028       __imp_KeInitializeEvent    0000000000012028     ntoskrnl:ntoskrnl.exe
 0002:00000030       __imp_KeInitializeDpc      0000000000012030     ntoskrnl:ntoskrnl.exe
 0002:00000038       __imp_KeInitializeTimer    0000000000012038     ntoskrnl:ntoskrnl.exe
 0002:00000040       __imp_KeDelayExecutionThread 0000000000012040     ntoskrnl:ntoskrnl.exe
 0002:00000048       __imp_PsCreateSystemThread 0000000000012048     ntoskrnl:ntoskrnl.exe
 0002:00000050       __imp_PsTerminateSystemThread 0000000000012050     ntoskrnl:ntoskrnl.exe
 0002:00000058       __imp_KeWaitForSingleObject 0000000000012058     ntoskrnl:ntoskrnl.exe
 0002:00000060       __imp_KeSetTimer           0000000000012060     ntoskrnl:ntoskrnl.exe
 0002:00000068       __imp_RtlAssert            0000000000012068     ntoskrnl:ntoskrnl.exe
 0002:00000070       __imp_KeCancelTimer        0000000000012070     ntoskrnl:ntoskrnl.exe
 0002:00000078       __imp_DbgPrintEx           0000000000012078     ntoskrnl:ntoskrnl.exe
 0002:00000080       __imp_KeBugCheckEx         0000000000012080     ntoskrnl:ntoskrnl.exe
 0002:00000088       \177ntoskrnl_NULL_THUNK_DATA 0000000000012088     ntoskrnl:ntoskrnl.exe
 0003:00000000       HotPatchBuffer             0000000000013000     hotpatch.obj
 0003:00000100       __security_cookie          0000000000013100     BufferOverflowK:gs_support.obj
 0003:00000108       __security_cookie_complement 0000000000013108     BufferOverflowK:gs_support.obj
 0003:000004f0       m_TimerEvent               00000000000134f0     test-kegetthreadlocks.obj
 0003:00000530       workItemChecking           0000000000013530     test-kegetthreadlocks.obj
 0003:00000538       isUnloading                0000000000013538     test-kegetthreadlocks.obj
 0003:00000540       pWaitBlock                 0000000000013540     test-kegetthreadlocks.obj
 0003:00000548       CheckNOTOK                 0000000000013548     test-kegetthreadlocks.obj
 0003:0000054c       CheckOK                    000000000001354c     test-kegetthreadlocks.obj
 0003:00000558       aMillisecIn100ns           0000000000013558     <common>
 0003:00000560       event                      0000000000013560     <common>
 0003:00000578       fRet                       0000000000013578     <common>
 0003:00000580       pKThread                   0000000000013580     <common>
 0003:000005a0       m_Dpc                      00000000000135a0     <common>
 0003:000005e0       hThread                    00000000000135e0     <common>
 0003:00000600       EventArray                 0000000000013600     <common>
 0005:00000008       __security_init_cookie     0000000000015008 f   BufferOverflowK:gs_support.obj
 0005:00000064       GsDriverEntry              0000000000015064 f   BufferOverflowK:gs_support.obj
 0005:00000084       __IMPORT_DESCRIPTOR_ntoskrnl 0000000000015084     ntoskrnl:ntoskrnl.exe
 0005:00000098       __NULL_IMPORT_DESCRIPTOR   0000000000015098     ntoskrnl:ntoskrnl.exe

 entry point at        0005:00000064

 Static symbols

